#! /opt/homebrew/Cellar/icarus-verilog/13.0/bin/vvp
:ivl_version "13.0 (stable)" "(v13_0)";
:ivl_delay_selection "TYPICAL";
:vpi_time_precision + 0;
:vpi_module "/opt/homebrew/Cellar/icarus-verilog/13.0/lib/ivl/system.vpi";
:vpi_module "/opt/homebrew/Cellar/icarus-verilog/13.0/lib/ivl/vhdl_sys.vpi";
:vpi_module "/opt/homebrew/Cellar/icarus-verilog/13.0/lib/ivl/vhdl_textio.vpi";
:vpi_module "/opt/homebrew/Cellar/icarus-verilog/13.0/lib/ivl/v2005_math.vpi";
:vpi_module "/opt/homebrew/Cellar/icarus-verilog/13.0/lib/ivl/va_math.vpi";
:vpi_module "/opt/homebrew/Cellar/icarus-verilog/13.0/lib/ivl/v2009.vpi";
S_0x101315e30 .scope package, "$unit" "$unit" 2 1;
 .timescale 0 0;
S_0x1013189b0 .scope module, "tb_fifo" "tb_fifo" 3 7;
 .timescale 0 0;
P_0xa9703b100 .param/l "DATA_WIDTH" 0 3 8, +C4<00000000000000000000000000001000>;
P_0xa9703b140 .param/l "DEPTH" 0 3 9, +C4<00000000000000000000000000010000>;
v0xa9686f340_0 .var "clk", 0 0;
v0xa9686f3e0_0 .net "empty", 0 0, L_0xa9686fb60;  1 drivers
v0xa9686f480_0 .net "full", 0 0, L_0xa96834620;  1 drivers
v0xa9686f520_0 .net "rd_data", 7 0, v0xa9686c280_0;  1 drivers
v0xa9686f5c0_0 .net "rd_en", 0 0, v0xa9686e080_0;  1 drivers
v0xa9686f660_0 .net "rst_n", 0 0, v0xa9686e120_0;  1 drivers
v0xa9686f700_0 .net "wr_data", 7 0, v0xa9686e1c0_0;  1 drivers
v0xa9686f7a0_0 .net "wr_en", 0 0, v0xa9686e260_0;  1 drivers
S_0x101310c40 .scope module, "DUT" "fifo_sync" 3 28, 4 6 0, S_0x1013189b0;
 .timescale 0 0;
    .port_info 0 /INPUT 1 "CLK";
    .port_info 1 /INPUT 1 "RST_N";
    .port_info 2 /INPUT 1 "WR_EN";
    .port_info 3 /INPUT 8 "WR_DATA";
    .port_info 4 /OUTPUT 1 "FULL";
    .port_info 5 /INPUT 1 "RD_EN";
    .port_info 6 /OUTPUT 8 "RD_DATA";
    .port_info 7 /OUTPUT 1 "EMPTY";
P_0xa9700f600 .param/l "ADDR_WIDTH" 1 4 24, +C4<00000000000000000000000000000100>;
P_0xa9700f640 .param/l "DATA_WIDTH" 0 4 7, +C4<00000000000000000000000000001000>;
P_0xa9700f680 .param/l "DEPTH" 0 4 8, +C4<00000000000000000000000000010000>;
L_0xa96834690 .functor XOR 1, L_0xa9686f840, L_0xa9686f8e0, C4<0>, C4<0>;
L_0xa96834620 .functor AND 1, L_0xa96834690, L_0xa9686fac0, C4<1>, C4<1>;
v0xa9686c0a0_0 .net "CLK", 0 0, v0xa9686f340_0;  1 drivers
v0xa9686c140_0 .net "EMPTY", 0 0, L_0xa9686fb60;  alias, 1 drivers
v0xa9686c1e0_0 .net "FULL", 0 0, L_0xa96834620;  alias, 1 drivers
v0xa9686c280_0 .var "RD_DATA", 7 0;
v0xa9686c320_0 .net "RD_EN", 0 0, v0xa9686e080_0;  alias, 1 drivers
v0xa9686c3c0_0 .net "RST_N", 0 0, v0xa9686e120_0;  alias, 1 drivers
v0xa9686c460_0 .net "WR_DATA", 7 0, v0xa9686e1c0_0;  alias, 1 drivers
v0xa9686c500_0 .net "WR_EN", 0 0, v0xa9686e260_0;  alias, 1 drivers
v0xa9686c5a0_0 .net *"_ivl_1", 0 0, L_0xa9686f840;  1 drivers
v0xa9686c640_0 .net *"_ivl_10", 0 0, L_0xa9686fac0;  1 drivers
v0xa9686c6e0_0 .net *"_ivl_3", 0 0, L_0xa9686f8e0;  1 drivers
v0xa9686c780_0 .net *"_ivl_4", 0 0, L_0xa96834690;  1 drivers
v0xa9686c820_0 .net *"_ivl_7", 3 0, L_0xa9686f980;  1 drivers
v0xa9686c8c0_0 .net *"_ivl_9", 3 0, L_0xa9686fa20;  1 drivers
v0xa9686c960 .array "mem", 15 0, 7 0;
v0xa9686ca00_0 .var "rd_ptr", 4 0;
v0xa9686caa0_0 .var "wr_ptr", 4 0;
E_0xa97033640 .event posedge, v0xa9686c0a0_0;
L_0xa9686f840 .part v0xa9686caa0_0, 4, 1;
L_0xa9686f8e0 .part v0xa9686ca00_0, 4, 1;
L_0xa9686f980 .part v0xa9686caa0_0, 0, 4;
L_0xa9686fa20 .part v0xa9686ca00_0, 0, 4;
L_0xa9686fac0 .cmp/eq 4, L_0xa9686f980, L_0xa9686fa20;
L_0xa9686fb60 .cmp/eq 5, v0xa9686caa0_0, v0xa9686ca00_0;
S_0x101310dc0 .scope module, "assertions" "fifo_assertions" 3 68, 5 5 0, S_0x1013189b0;
 .timescale 0 0;
    .port_info 0 /INPUT 1 "clk";
    .port_info 1 /INPUT 1 "rst_n";
    .port_info 2 /INPUT 1 "wr_en";
    .port_info 3 /INPUT 1 "rd_en";
    .port_info 4 /INPUT 1 "full";
    .port_info 5 /INPUT 1 "empty";
    .port_info 6 /INPUT 5 "wr_ptr";
    .port_info 7 /INPUT 5 "rd_ptr";
P_0xa9703b080 .param/l "ADDR_WIDTH" 0 5 7, +C4<00000000000000000000000000000100>;
P_0xa9703b0c0 .param/l "DEPTH" 0 5 6, +C4<00000000000000000000000000010000>;
v0xa9686cbe0_0 .var/i "assertion_errors", 31 0;
v0xa9686cc80_0 .net "clk", 0 0, v0xa9686f340_0;  alias, 1 drivers
v0xa9686cd20_0 .net "empty", 0 0, L_0xa9686fb60;  alias, 1 drivers
v0xa9686cdc0_0 .net "full", 0 0, L_0xa96834620;  alias, 1 drivers
v0xa9686ce60_0 .var "prev_rd_ptr", 4 0;
v0xa9686cf00_0 .var "prev_wr_ptr", 4 0;
v0xa9686cfa0_0 .net "rd_en", 0 0, v0xa9686e080_0;  alias, 1 drivers
v0xa9686d040_0 .net "rd_ptr", 4 0, v0xa9686ca00_0;  1 drivers
v0xa9686d0e0_0 .var "reset_check", 0 0;
v0xa9686d180_0 .net "rst_n", 0 0, v0xa9686e120_0;  alias, 1 drivers
v0xa9686d220_0 .net "wr_en", 0 0, v0xa9686e260_0;  alias, 1 drivers
v0xa9686d2c0_0 .net "wr_ptr", 4 0, v0xa9686caa0_0;  1 drivers
S_0x101310050 .scope function.vec4.s1, "get_errors" "get_errors" 5 94, 5 94 0, S_0x101310dc0;
 .timescale 0 0;
; Variable get_errors is vec4 return value of scope S_0x101310050
TD_tb_fifo.assertions.get_errors ;
    %load/vec4 v0xa9686cbe0_0;
    %pad/s 1;
    %ret/vec4 0, 0, 1;  Assign to get_errors (store_vec4_to_lval)
    %disable/flow S_0x101310050;
    %end;
S_0x1013101d0 .scope module, "cov" "fifo_coverage" 3 79, 6 6 0, S_0x1013189b0;
 .timescale 0 0;
    .port_info 0 /INPUT 1 "clk";
    .port_info 1 /INPUT 1 "rst_n";
    .port_info 2 /INPUT 1 "wr_en";
    .port_info 3 /INPUT 1 "rd_en";
    .port_info 4 /INPUT 1 "full";
    .port_info 5 /INPUT 1 "empty";
P_0xa97061400 .param/l "DEPTH" 0 6 7, +C4<00000000000000000000000000010000>;
v0xa9686d400_0 .net "clk", 0 0, v0xa9686f340_0;  alias, 1 drivers
v0xa9686d4a0_0 .net "empty", 0 0, L_0xa9686fb60;  alias, 1 drivers
v0xa9686d540_0 .var/2u "empty_seen", 0 0;
v0xa9686d5e0_0 .net "full", 0 0, L_0xa96834620;  alias, 1 drivers
v0xa9686d680_0 .var/2u "full_seen", 0 0;
v0xa9686d720_0 .var/i "occupancy", 31 0;
v0xa9686d7c0 .array/2u "occupancy_levels", 16 0, 0 0;
v0xa9686d860_0 .var/2u "overflow_seen", 0 0;
v0xa9686d900_0 .var "pending_read", 0 0;
v0xa9686d9a0_0 .net "rd_en", 0 0, v0xa9686e080_0;  alias, 1 drivers
v0xa9686da40_0 .var/i "read_count", 31 0;
v0xa9686dae0_0 .var/2u "reset_seen", 0 0;
v0xa9686db80_0 .net "rst_n", 0 0, v0xa9686e120_0;  alias, 1 drivers
v0xa9686dc20_0 .var/2u "simultaneous_seen", 0 0;
v0xa9686dcc0_0 .var/2u "underflow_seen", 0 0;
v0xa9686dd60_0 .net "wr_en", 0 0, v0xa9686e260_0;  alias, 1 drivers
v0xa9686de00_0 .var/i "write_count", 31 0;
S_0x10130fbb0 .scope task, "report" "report" 6 75, 6 75 0, S_0x1013101d0;
 .timescale 0 0;
TD_tb_fifo.cov.report ;
    %vpi_call/w 6 76 "$display", "==============================" {0 0 0};
    %vpi_call/w 6 77 "$display", "FIFO Coverage Report" {0 0 0};
    %vpi_call/w 6 78 "$display", "==============================\012" {0 0 0};
    %load/vec4 v0xa9686dae0_0;
    %flag_set/vec4 8;
    %jmp/0 T_1.0, 8;
    %pushi/vec4 1346458451, 0, 32; draw_string_vec4
    %jmp/1 T_1.1, 8;
T_1.0 ; End of true expr.
    %pushi/vec4 1178683724, 0, 32; draw_string_vec4
    %jmp/0 T_1.1, 8;
 ; End of false expr.
    %blend;
T_1.1;
    %vpi_call/w 6 80 "$display", "Reset Tested             : %s", S<0,vec4,u32> {1 0 0};
    %load/vec4 v0xa9686d680_0;
    %flag_set/vec4 8;
    %jmp/0 T_1.2, 8;
    %pushi/vec4 1346458451, 0, 32; draw_string_vec4
    %jmp/1 T_1.3, 8;
T_1.2 ; End of true expr.
    %pushi/vec4 1178683724, 0, 32; draw_string_vec4
    %jmp/0 T_1.3, 8;
 ; End of false expr.
    %blend;
T_1.3;
    %vpi_call/w 6 81 "$display", "Full Condition           : %s", S<0,vec4,u32> {1 0 0};
    %load/vec4 v0xa9686d540_0;
    %flag_set/vec4 8;
    %jmp/0 T_1.4, 8;
    %pushi/vec4 1346458451, 0, 32; draw_string_vec4
    %jmp/1 T_1.5, 8;
T_1.4 ; End of true expr.
    %pushi/vec4 1178683724, 0, 32; draw_string_vec4
    %jmp/0 T_1.5, 8;
 ; End of false expr.
    %blend;
T_1.5;
    %vpi_call/w 6 82 "$display", "Empty Condition          : %s", S<0,vec4,u32> {1 0 0};
    %load/vec4 v0xa9686dc20_0;
    %flag_set/vec4 8;
    %jmp/0 T_1.6, 8;
    %pushi/vec4 1346458451, 0, 32; draw_string_vec4
    %jmp/1 T_1.7, 8;
T_1.6 ; End of true expr.
    %pushi/vec4 1178683724, 0, 32; draw_string_vec4
    %jmp/0 T_1.7, 8;
 ; End of false expr.
    %blend;
T_1.7;
    %vpi_call/w 6 83 "$display", "Simultaneous Read/Write  : %s", S<0,vec4,u32> {1 0 0};
    %load/vec4 v0xa9686d860_0;
    %flag_set/vec4 8;
    %jmp/0 T_1.8, 8;
    %pushi/vec4 1346458451, 0, 32; draw_string_vec4
    %jmp/1 T_1.9, 8;
T_1.8 ; End of true expr.
    %pushi/vec4 1178683724, 0, 32; draw_string_vec4
    %jmp/0 T_1.9, 8;
 ; End of false expr.
    %blend;
T_1.9;
    %vpi_call/w 6 84 "$display", "Overflow Attempt         : %s", S<0,vec4,u32> {1 0 0};
    %load/vec4 v0xa9686dcc0_0;
    %flag_set/vec4 8;
    %jmp/0 T_1.10, 8;
    %pushi/vec4 1346458451, 0, 32; draw_string_vec4
    %pushi/vec4 10, 0, 8; draw_string_vec4
    %concat/vec4; draw_string_vec4
    %jmp/1 T_1.11, 8;
T_1.10 ; End of true expr.
    %pushi/vec4 1178683724, 0, 32; draw_string_vec4
    %pushi/vec4 10, 0, 8; draw_string_vec4
    %concat/vec4; draw_string_vec4
    %jmp/0 T_1.11, 8;
 ; End of false expr.
    %blend;
T_1.11;
    %vpi_call/w 6 85 "$display", "Underflow Attempt        : %s", S<0,vec4,u40> {1 0 0};
    %fork t_1, S_0x101304a20;
    %jmp t_0;
    .scope S_0x101304a20;
t_1 ;
    %pushi/vec4 0, 0, 32;
    %store/vec4 v0xa9686d360_0, 0, 32;
T_1.12 ; Top of for-loop
    %load/vec4 v0xa9686d360_0;
    %cmpi/s 16, 0, 32;
    %flag_or 5, 4;
	  %jmp/0xz T_1.13, 5;
    %ix/getv/s 4, v0xa9686d360_0;
    %load/vec4a v0xa9686d7c0, 4;
    %flag_set/vec4 8;
    %jmp/0 T_1.15, 8;
    %pushi/vec4 4737364, 0, 32; draw_string_vec4
    %jmp/1 T_1.16, 8;
T_1.15 ; End of true expr.
    %pushi/vec4 1296651091, 0, 32; draw_string_vec4
    %jmp/0 T_1.16, 8;
 ; End of false expr.
    %blend;
T_1.16;
    %vpi_call/w 6 88 "$display", "Occupancy %0d : %s", v0xa9686d360_0, S<0,vec4,u32> {1 0 0};
T_1.14 ; for-loop step statement
    ; show_stmt_assign_vector: Get l-value for compressed += operand
    %load/vec4 v0xa9686d360_0;
    %pushi/vec4 1, 0, 32;
    %add;
    %store/vec4 v0xa9686d360_0, 0, 32;
    %jmp T_1.12;
T_1.13 ; for-loop exit label
    %end;
    .scope S_0x10130fbb0;
t_0 %join;
    %vpi_call/w 6 92 "$display", "\000" {0 0 0};
    %vpi_call/w 6 93 "$display", "Total Writes (Lifetime)            : %0d", v0xa9686de00_0 {0 0 0};
    %vpi_call/w 6 94 "$display", "Total Reads (Lifetime)             : %0d\012", v0xa9686da40_0 {0 0 0};
    %end;
S_0x101304a20 .scope begin, "$ivl_for_loop0" "$ivl_for_loop0" 6 86, 6 86 0, S_0x10130fbb0;
 .timescale 0 0;
v0xa9686d360_0 .var/i "i", 31 0;
S_0x101304ba0 .scope module, "drv" "driver" 3 39, 7 5 0, S_0x1013189b0;
 .timescale 0 0;
    .port_info 0 /INPUT 1 "clk";
    .port_info 1 /OUTPUT 1 "rst_n";
    .port_info 2 /OUTPUT 1 "wr_en";
    .port_info 3 /OUTPUT 8 "wr_data";
    .port_info 4 /OUTPUT 1 "rd_en";
P_0xa97061440 .param/l "DATA_WIDTH" 0 7 6, +C4<00000000000000000000000000001000>;
v0xa9686dfe0_0 .net "clk", 0 0, v0xa9686f340_0;  alias, 1 drivers
v0xa9686e080_0 .var "rd_en", 0 0;
v0xa9686e120_0 .var "rst_n", 0 0;
v0xa9686e1c0_0 .var "wr_data", 7 0;
v0xa9686e260_0 .var "wr_en", 0 0;
S_0x10130cd30 .scope task, "read" "read" 7 42, 7 42 0, S_0x101304ba0;
 .timescale 0 0;
E_0xa97033900 .event negedge, v0xa9686c0a0_0;
TD_tb_fifo.drv.read ;
    %wait E_0xa97033900;
    %pushi/vec4 1, 0, 1;
    %store/vec4 v0xa9686e080_0, 0, 1;
    %wait E_0xa97033900;
    %pushi/vec4 0, 0, 1;
    %store/vec4 v0xa9686e080_0, 0, 1;
    %end;
S_0x10130ceb0 .scope task, "read_write" "read_write" 7 53, 7 53 0, S_0x101304ba0;
 .timescale 0 0;
v0xa9686dea0_0 .var "data", 7 0;
TD_tb_fifo.drv.read_write ;
    %wait E_0xa97033900;
    %pushi/vec4 1, 0, 1;
    %store/vec4 v0xa9686e260_0, 0, 1;
    %load/vec4 v0xa9686dea0_0;
    %store/vec4 v0xa9686e1c0_0, 0, 8;
    %pushi/vec4 1, 0, 1;
    %store/vec4 v0xa9686e080_0, 0, 1;
    %wait E_0xa97033900;
    %pushi/vec4 0, 0, 1;
    %store/vec4 v0xa9686e260_0, 0, 1;
    %pushi/vec4 0, 0, 1;
    %store/vec4 v0xa9686e080_0, 0, 1;
    %end;
S_0x101309e60 .scope task, "reset" "reset" 7 18, 7 18 0, S_0x101304ba0;
 .timescale 0 0;
TD_tb_fifo.drv.reset ;
    %pushi/vec4 0, 0, 1;
    %store/vec4 v0xa9686e120_0, 0, 1;
    %pushi/vec4 0, 0, 1;
    %store/vec4 v0xa9686e260_0, 0, 1;
    %pushi/vec4 0, 0, 1;
    %store/vec4 v0xa9686e080_0, 0, 1;
    %pushi/vec4 0, 0, 8;
    %store/vec4 v0xa9686e1c0_0, 0, 8;
    %pushi/vec4 2, 0, 32;
T_4.17 %dup/vec4;
    %cmpi/s 0, 0, 32;
    %jmp/1xz T_4.18, 5;
    %jmp/1 T_4.18, 4;
    %subi 1, 0, 32;
    %wait E_0xa97033640;
    %jmp T_4.17;
T_4.18 ;
    %pop/vec4 1;
    %pushi/vec4 1, 0, 1;
    %store/vec4 v0xa9686e120_0, 0, 1;
    %end;
S_0xa97068000 .scope task, "write" "write" 7 30, 7 30 0, S_0x101304ba0;
 .timescale 0 0;
v0xa9686df40_0 .var "data", 7 0;
TD_tb_fifo.drv.write ;
    %wait E_0xa97033900;
    %pushi/vec4 1, 0, 1;
    %store/vec4 v0xa9686e260_0, 0, 1;
    %load/vec4 v0xa9686df40_0;
    %store/vec4 v0xa9686e1c0_0, 0, 8;
    %wait E_0xa97033900;
    %pushi/vec4 0, 0, 1;
    %store/vec4 v0xa9686e260_0, 0, 1;
    %end;
S_0xa97068180 .scope module, "mon" "monitor" 3 47, 8 7 0, S_0x1013189b0;
 .timescale 0 0;
    .port_info 0 /INPUT 1 "clk";
    .port_info 1 /INPUT 1 "wr_en";
    .port_info 2 /INPUT 8 "wr_data";
    .port_info 3 /INPUT 1 "rd_en";
    .port_info 4 /INPUT 8 "rd_data";
    .port_info 5 /INPUT 1 "full";
    .port_info 6 /INPUT 1 "empty";
P_0xa97061480 .param/l "DATA_WIDTH" 0 8 8, +C4<00000000000000000000000000001000>;
v0xa9686e300_0 .net "clk", 0 0, v0xa9686f340_0;  alias, 1 drivers
v0xa9686e3a0_0 .net "empty", 0 0, L_0xa9686fb60;  alias, 1 drivers
v0xa9686e440_0 .net "full", 0 0, L_0xa96834620;  alias, 1 drivers
v0xa9686e4e0_0 .net "rd_data", 7 0, v0xa9686c280_0;  alias, 1 drivers
v0xa9686e580_0 .net "rd_en", 0 0, v0xa9686e080_0;  alias, 1 drivers
v0xa9686e620_0 .var "rd_pending", 0 0;
v0xa9686e6c0_0 .net "wr_data", 7 0, v0xa9686e1c0_0;  alias, 1 drivers
v0xa9686e760_0 .net "wr_en", 0 0, v0xa9686e260_0;  alias, 1 drivers
S_0xa97068300 .scope task, "report_results" "report_results" 3 222, 3 222 0, S_0x1013189b0;
 .timescale 0 0;
TD_tb_fifo.report_results ;
    %vpi_call/w 3 223 "$display", "\012=================================" {0 0 0};
    %vpi_call/w 3 224 "$display", "FIFO Verification Complete" {0 0 0};
    %vpi_call/w 3 225 "$display", "=================================\012" {0 0 0};
    %vpi_call/w 3 227 "$display", "Passes : %0d", v0xa9686eb20_0 {0 0 0};
    %vpi_call/w 3 228 "$display", "Errors : %0d", v0xa9686e940_0 {0 0 0};
    %vpi_call/w 3 229 "$display", "Assertion Errors : %0d", v0xa9686cbe0_0 {0 0 0};
    %load/vec4 v0xa9686e940_0;
    %cmpi/e 0, 0, 32;
    %flag_get/vec4 4;
    %jmp/0 T_6.21, 4;
    %load/vec4 v0xa9686cbe0_0;
    %pushi/vec4 0, 0, 32;
    %cmp/e;
    %flag_get/vec4 4;
    %and;
T_6.21;
    %flag_set/vec4 8;
    %jmp/0xz  T_6.19, 8;
    %vpi_call/w 3 232 "$display", "RESULT : PASS\012" {0 0 0};
    %jmp T_6.20;
T_6.19 ;
    %vpi_call/w 3 234 "$display", "RESULT : FAIL\012" {0 0 0};
T_6.20 ;
    %end;
S_0xa97068480 .scope module, "sb" "scoreboard" 3 57, 9 8 0, S_0x1013189b0;
 .timescale 0 0;
    .port_info 0 /INPUT 1 "clk";
    .port_info 1 /INPUT 1 "rst_n";
    .port_info 2 /INPUT 1 "wr_en";
    .port_info 3 /INPUT 8 "wr_data";
    .port_info 4 /INPUT 1 "rd_en";
    .port_info 5 /INPUT 8 "rd_data";
    .port_info 6 /INPUT 1 "full";
    .port_info 7 /INPUT 1 "empty";
P_0xa97061500 .param/l "DATA_WIDTH" 0 9 9, +C4<00000000000000000000000000001000>;
v0xa9686e800_0 .net "clk", 0 0, v0xa9686f340_0;  alias, 1 drivers
v0xa9686e8a0_0 .net "empty", 0 0, L_0xa9686fb60;  alias, 1 drivers
v0xa9686e940_0 .var/i "errors", 31 0;
v0xa9686e9e0_0 .var "expected", 7 0;
v0xa9686ea80_0 .net "full", 0 0, L_0xa96834620;  alias, 1 drivers
v0xa9686eb20_0 .var/i "passes", 31 0;
v0xa9686ebc0_0 .var "pending_read", 0 0;
v0xa9686ec60_0 .var/queue "queue", 8;
v0xa9686ed00_0 .net "rd_data", 7 0, v0xa9686c280_0;  alias, 1 drivers
v0xa9686eda0_0 .net "rd_en", 0 0, v0xa9686e080_0;  alias, 1 drivers
v0xa9686ee40_0 .net "rst_n", 0 0, v0xa9686e120_0;  alias, 1 drivers
v0xa9686eee0_0 .net "wr_data", 7 0, v0xa9686e1c0_0;  alias, 1 drivers
v0xa9686ef80_0 .net "wr_en", 0 0, v0xa9686e260_0;  alias, 1 drivers
S_0xa97068600 .scope task, "report_final_occupancy" "report_final_occupancy" 9 61, 9 61 0, S_0xa97068480;
 .timescale 0 0;
TD_tb_fifo.sb.report_final_occupancy ;
    %vpi_func 9 62 "$size" 32, v0xa9686ec60_0 {0 0 0};
    %vpi_call/w 9 62 "$display", "Final FIFO Occupancy : %0d\012", S<0,vec4,s32> {1 0 0};
    %end;
S_0xa97068780 .scope task, "test_fill_empty" "test_fill_empty" 3 124, 3 124 0, S_0x1013189b0;
 .timescale 0 0;
v0xa9686f020_0 .var/i "i", 31 0;
TD_tb_fifo.test_fill_empty ;
    %vpi_call/w 3 126 "$display", "\012Running Fill/Empty Test" {0 0 0};
    %pushi/vec4 0, 0, 32;
    %store/vec4 v0xa9686f020_0, 0, 32;
T_8.22 ; Top of for-loop
    %load/vec4 v0xa9686f020_0;
    %cmpi/s 16, 0, 32;
	  %jmp/0xz T_8.23, 5;
    %load/vec4 v0xa9686f020_0;
    %pad/s 8;
    %store/vec4 v0xa9686df40_0, 0, 8;
    %fork TD_tb_fifo.drv.write, S_0xa97068000;
    %join;
T_8.24 ; for-loop step statement
    %load/vec4 v0xa9686f020_0;
    %addi 1, 0, 32;
    %store/vec4 v0xa9686f020_0, 0, 32;
    %jmp T_8.22;
T_8.23 ; for-loop exit label
    %load/vec4 v0xa9686f480_0;
    %nor/r;
    %flag_set/vec4 8;
    %jmp/0xz  T_8.25, 8;
    %vpi_call/w 3 131 "$error", "FIFO should be FULL" {0 0 0};
T_8.25 ;
    %pushi/vec4 0, 0, 32;
    %store/vec4 v0xa9686f020_0, 0, 32;
T_8.27 ; Top of for-loop
    %load/vec4 v0xa9686f020_0;
    %cmpi/s 16, 0, 32;
	  %jmp/0xz T_8.28, 5;
    %fork TD_tb_fifo.drv.read, S_0x10130cd30;
    %join;
T_8.29 ; for-loop step statement
    %load/vec4 v0xa9686f020_0;
    %addi 1, 0, 32;
    %store/vec4 v0xa9686f020_0, 0, 32;
    %jmp T_8.27;
T_8.28 ; for-loop exit label
    %pushi/vec4 2, 0, 32;
T_8.30 %dup/vec4;
    %cmpi/s 0, 0, 32;
    %jmp/1xz T_8.31, 5;
    %jmp/1 T_8.31, 4;
    %subi 1, 0, 32;
    %wait E_0xa97033640;
    %jmp T_8.30;
T_8.31 ;
    %pop/vec4 1;
    %load/vec4 v0xa9686f3e0_0;
    %nor/r;
    %flag_set/vec4 8;
    %jmp/0xz  T_8.32, 8;
    %vpi_call/w 3 139 "$error", "FIFO should be EMPTY!" {0 0 0};
T_8.32 ;
    %end;
S_0xa97068900 .scope task, "test_overflow" "test_overflow" 3 144, 3 144 0, S_0x1013189b0;
 .timescale 0 0;
v0xa9686f0c0_0 .var/i "i", 31 0;
TD_tb_fifo.test_overflow ;
    %vpi_call/w 3 147 "$display", "\012Running Overflow Test" {0 0 0};
    %fork TD_tb_fifo.drv.reset, S_0x101309e60;
    %join;
    %pushi/vec4 0, 0, 32;
    %store/vec4 v0xa9686f0c0_0, 0, 32;
T_9.34 ; Top of for-loop
    %load/vec4 v0xa9686f0c0_0;
    %cmpi/s 16, 0, 32;
	  %jmp/0xz T_9.35, 5;
    %load/vec4 v0xa9686f0c0_0;
    %pad/s 8;
    %store/vec4 v0xa9686df40_0, 0, 8;
    %fork TD_tb_fifo.drv.write, S_0xa97068000;
    %join;
T_9.36 ; for-loop step statement
    %load/vec4 v0xa9686f0c0_0;
    %addi 1, 0, 32;
    %store/vec4 v0xa9686f0c0_0, 0, 32;
    %jmp T_9.34;
T_9.35 ; for-loop exit label
    %pushi/vec4 255, 0, 8;
    %store/vec4 v0xa9686df40_0, 0, 8;
    %fork TD_tb_fifo.drv.write, S_0xa97068000;
    %join;
    %pushi/vec4 2, 0, 32;
T_9.37 %dup/vec4;
    %cmpi/s 0, 0, 32;
    %jmp/1xz T_9.38, 5;
    %jmp/1 T_9.38, 4;
    %subi 1, 0, 32;
    %wait E_0xa97033640;
    %jmp T_9.37;
T_9.38 ;
    %pop/vec4 1;
    %end;
S_0xa97068a80 .scope task, "test_random" "test_random" 3 205, 3 205 0, S_0x1013189b0;
 .timescale 0 0;
v0xa9686f160_0 .var/i "i", 31 0;
TD_tb_fifo.test_random ;
    %vpi_call/w 3 208 "$display", "\012Running Random Test" {0 0 0};
    %fork TD_tb_fifo.drv.reset, S_0x101309e60;
    %join;
    %pushi/vec4 0, 0, 32;
    %store/vec4 v0xa9686f160_0, 0, 32;
T_10.39 ; Top of for-loop
    %load/vec4 v0xa9686f160_0;
    %cmpi/s 10000, 0, 32;
	  %jmp/0xz T_10.40, 5;
    %vpi_func 3 213 "$urandom_range" 32, 32'sb00000000000000000000000000000000, 32'sb00000000000000000000000000000010 {0 0 0};
    %dup/vec4;
    %pushi/vec4 0, 0, 32;
    %cmp/u;
    %jmp/1 T_10.42, 6;
    %dup/vec4;
    %pushi/vec4 1, 0, 32;
    %cmp/u;
    %jmp/1 T_10.43, 6;
    %dup/vec4;
    %pushi/vec4 2, 0, 32;
    %cmp/u;
    %jmp/1 T_10.44, 6;
    %jmp T_10.45;
T_10.42 ;
    %vpi_func 3 214 "$urandom" 32 {0 0 0};
    %pad/u 8;
    %store/vec4 v0xa9686df40_0, 0, 8;
    %fork TD_tb_fifo.drv.write, S_0xa97068000;
    %join;
    %jmp T_10.45;
T_10.43 ;
    %fork TD_tb_fifo.drv.read, S_0x10130cd30;
    %join;
    %jmp T_10.45;
T_10.44 ;
    %vpi_func 3 216 "$urandom" 32 {0 0 0};
    %pad/u 8;
    %store/vec4 v0xa9686dea0_0, 0, 8;
    %fork TD_tb_fifo.drv.read_write, S_0x10130ceb0;
    %join;
    %jmp T_10.45;
T_10.45 ;
    %pop/vec4 1;
T_10.41 ; for-loop step statement
    %load/vec4 v0xa9686f160_0;
    %addi 1, 0, 32;
    %store/vec4 v0xa9686f160_0, 0, 32;
    %jmp T_10.39;
T_10.40 ; for-loop exit label
    %end;
S_0xa97068c00 .scope task, "test_reset" "test_reset" 3 109, 3 109 0, S_0x1013189b0;
 .timescale 0 0;
TD_tb_fifo.test_reset ;
    %vpi_call/w 3 110 "$display", "\012Running Reset Test" {0 0 0};
    %fork TD_tb_fifo.drv.reset, S_0x101309e60;
    %join;
    %pushi/vec4 2, 0, 32;
T_11.46 %dup/vec4;
    %cmpi/s 0, 0, 32;
    %jmp/1xz T_11.47, 5;
    %jmp/1 T_11.47, 4;
    %subi 1, 0, 32;
    %wait E_0xa97033640;
    %jmp T_11.46;
T_11.47 ;
    %pop/vec4 1;
    %end;
S_0xa97068d80 .scope task, "test_sim_rw" "test_sim_rw" 3 189, 3 189 0, S_0x1013189b0;
 .timescale 0 0;
v0xa9686f200_0 .var/i "i", 31 0;
TD_tb_fifo.test_sim_rw ;
    %vpi_call/w 3 192 "$display", "\012Running Simultaneuous R/W Test" {0 0 0};
    %fork TD_tb_fifo.drv.reset, S_0x101309e60;
    %join;
    %pushi/vec4 0, 0, 32;
    %store/vec4 v0xa9686f200_0, 0, 32;
T_12.48 ; Top of for-loop
    %load/vec4 v0xa9686f200_0;
    %cmpi/s 8, 0, 32;
	  %jmp/0xz T_12.49, 5;
    %load/vec4 v0xa9686f200_0;
    %pad/s 8;
    %store/vec4 v0xa9686df40_0, 0, 8;
    %fork TD_tb_fifo.drv.write, S_0xa97068000;
    %join;
T_12.50 ; for-loop step statement
    %load/vec4 v0xa9686f200_0;
    %addi 1, 0, 32;
    %store/vec4 v0xa9686f200_0, 0, 32;
    %jmp T_12.48;
T_12.49 ; for-loop exit label
    %pushi/vec4 0, 0, 32;
    %store/vec4 v0xa9686f200_0, 0, 32;
T_12.51 ; Top of for-loop
    %load/vec4 v0xa9686f200_0;
    %cmpi/s 20, 0, 32;
	  %jmp/0xz T_12.52, 5;
    %load/vec4 v0xa9686f200_0;
    %addi 50, 0, 32;
    %pad/s 8;
    %store/vec4 v0xa9686dea0_0, 0, 8;
    %fork TD_tb_fifo.drv.read_write, S_0x10130ceb0;
    %join;
T_12.53 ; for-loop step statement
    %load/vec4 v0xa9686f200_0;
    %addi 1, 0, 32;
    %store/vec4 v0xa9686f200_0, 0, 32;
    %jmp T_12.51;
T_12.52 ; for-loop exit label
    %end;
S_0xa97068f00 .scope task, "test_single_rw" "test_single_rw" 3 116, 3 116 0, S_0x1013189b0;
 .timescale 0 0;
TD_tb_fifo.test_single_rw ;
    %vpi_call/w 3 117 "$display", "\012Running Single Read/Write Test" {0 0 0};
    %pushi/vec4 10, 0, 8;
    %store/vec4 v0xa9686df40_0, 0, 8;
    %fork TD_tb_fifo.drv.write, S_0xa97068000;
    %join;
    %fork TD_tb_fifo.drv.read, S_0x10130cd30;
    %join;
    %pushi/vec4 2, 0, 32;
T_13.54 %dup/vec4;
    %cmpi/s 0, 0, 32;
    %jmp/1xz T_13.55, 5;
    %jmp/1 T_13.55, 4;
    %subi 1, 0, 32;
    %wait E_0xa97033640;
    %jmp T_13.54;
T_13.55 ;
    %pop/vec4 1;
    %end;
S_0xa97069080 .scope task, "test_underflow" "test_underflow" 3 161, 3 161 0, S_0x1013189b0;
 .timescale 0 0;
TD_tb_fifo.test_underflow ;
    %vpi_call/w 3 162 "$display", "\012Running Underflow Test" {0 0 0};
    %fork TD_tb_fifo.drv.reset, S_0x101309e60;
    %join;
    %fork TD_tb_fifo.drv.read, S_0x10130cd30;
    %join;
    %pushi/vec4 2, 0, 32;
T_14.56 %dup/vec4;
    %cmpi/s 0, 0, 32;
    %jmp/1xz T_14.57, 5;
    %jmp/1 T_14.57, 4;
    %subi 1, 0, 32;
    %wait E_0xa97033640;
    %jmp T_14.56;
T_14.57 ;
    %pop/vec4 1;
    %end;
S_0xa97069200 .scope task, "test_wraparound" "test_wraparound" 3 170, 3 170 0, S_0x1013189b0;
 .timescale 0 0;
v0xa9686f2a0_0 .var/i "i", 31 0;
TD_tb_fifo.test_wraparound ;
    %vpi_call/w 3 172 "$display", "\012Running Wraparound Test" {0 0 0};
    %fork TD_tb_fifo.drv.reset, S_0x101309e60;
    %join;
    %pushi/vec4 0, 0, 32;
    %store/vec4 v0xa9686f2a0_0, 0, 32;
T_15.58 ; Top of for-loop
    %load/vec4 v0xa9686f2a0_0;
    %cmpi/s 16, 0, 32;
	  %jmp/0xz T_15.59, 5;
    %load/vec4 v0xa9686f2a0_0;
    %pad/s 8;
    %store/vec4 v0xa9686df40_0, 0, 8;
    %fork TD_tb_fifo.drv.write, S_0xa97068000;
    %join;
T_15.60 ; for-loop step statement
    %load/vec4 v0xa9686f2a0_0;
    %addi 1, 0, 32;
    %store/vec4 v0xa9686f2a0_0, 0, 32;
    %jmp T_15.58;
T_15.59 ; for-loop exit label
    %pushi/vec4 0, 0, 32;
    %store/vec4 v0xa9686f2a0_0, 0, 32;
T_15.61 ; Top of for-loop
    %load/vec4 v0xa9686f2a0_0;
    %cmpi/s 8, 0, 32;
	  %jmp/0xz T_15.62, 5;
    %fork TD_tb_fifo.drv.read, S_0x10130cd30;
    %join;
T_15.63 ; for-loop step statement
    %load/vec4 v0xa9686f2a0_0;
    %addi 1, 0, 32;
    %store/vec4 v0xa9686f2a0_0, 0, 32;
    %jmp T_15.61;
T_15.62 ; for-loop exit label
    %pushi/vec4 0, 0, 32;
    %store/vec4 v0xa9686f2a0_0, 0, 32;
T_15.64 ; Top of for-loop
    %load/vec4 v0xa9686f2a0_0;
    %cmpi/s 8, 0, 32;
	  %jmp/0xz T_15.65, 5;
    %load/vec4 v0xa9686f2a0_0;
    %addi 100, 0, 32;
    %pad/s 8;
    %store/vec4 v0xa9686df40_0, 0, 8;
    %fork TD_tb_fifo.drv.write, S_0xa97068000;
    %join;
T_15.66 ; for-loop step statement
    %load/vec4 v0xa9686f2a0_0;
    %addi 1, 0, 32;
    %store/vec4 v0xa9686f2a0_0, 0, 32;
    %jmp T_15.64;
T_15.65 ; for-loop exit label
    %pushi/vec4 0, 0, 32;
    %store/vec4 v0xa9686f2a0_0, 0, 32;
T_15.67 ; Top of for-loop
    %load/vec4 v0xa9686f2a0_0;
    %cmpi/s 16, 0, 32;
	  %jmp/0xz T_15.68, 5;
    %fork TD_tb_fifo.drv.read, S_0x10130cd30;
    %join;
T_15.69 ; for-loop step statement
    %load/vec4 v0xa9686f2a0_0;
    %addi 1, 0, 32;
    %store/vec4 v0xa9686f2a0_0, 0, 32;
    %jmp T_15.67;
T_15.68 ; for-loop exit label
    %pushi/vec4 2, 0, 32;
T_15.70 %dup/vec4;
    %cmpi/s 0, 0, 32;
    %jmp/1xz T_15.71, 5;
    %jmp/1 T_15.71, 4;
    %subi 1, 0, 32;
    %wait E_0xa97033640;
    %jmp T_15.70;
T_15.71 ;
    %pop/vec4 1;
    %end;
    .scope S_0x101310c40;
T_16 ;
    %wait E_0xa97033640;
    %load/vec4 v0xa9686c3c0_0;
    %nor/r;
    %flag_set/vec4 8;
    %jmp/0xz  T_16.0, 8;
    %pushi/vec4 0, 0, 5;
    %assign/vec4 v0xa9686caa0_0, 0;
    %jmp T_16.1;
T_16.0 ;
    %load/vec4 v0xa9686c500_0;
    %flag_set/vec4 9;
    %flag_get/vec4 9;
    %jmp/0 T_16.4, 9;
    %load/vec4 v0xa9686c1e0_0;
    %nor/r;
    %and;
T_16.4;
    %flag_set/vec4 8;
    %jmp/0xz  T_16.2, 8;
    %load/vec4 v0xa9686c460_0;
    %load/vec4 v0xa9686caa0_0;
    %parti/s 4, 0, 2;
    %pad/u 6;
    %ix/vec4 3;
    %ix/load 4, 0, 0; Constant delay
    %assign/vec4/a/d v0xa9686c960, 0, 4;
    %load/vec4 v0xa9686caa0_0;
    %addi 1, 0, 5;
    %assign/vec4 v0xa9686caa0_0, 0;
T_16.2 ;
T_16.1 ;
    %jmp T_16;
    .thread T_16;
    .scope S_0x101310c40;
T_17 ;
    %wait E_0xa97033640;
    %load/vec4 v0xa9686c3c0_0;
    %nor/r;
    %flag_set/vec4 8;
    %jmp/0xz  T_17.0, 8;
    %pushi/vec4 0, 0, 5;
    %assign/vec4 v0xa9686ca00_0, 0;
    %pushi/vec4 0, 0, 8;
    %assign/vec4 v0xa9686c280_0, 0;
    %jmp T_17.1;
T_17.0 ;
    %load/vec4 v0xa9686c320_0;
    %flag_set/vec4 9;
    %flag_get/vec4 9;
    %jmp/0 T_17.4, 9;
    %load/vec4 v0xa9686c140_0;
    %nor/r;
    %and;
T_17.4;
    %flag_set/vec4 8;
    %jmp/0xz  T_17.2, 8;
    %load/vec4 v0xa9686ca00_0;
    %parti/s 4, 0, 2;
    %pad/u 6;
    %ix/vec4 4;
    %load/vec4a v0xa9686c960, 4;
    %assign/vec4 v0xa9686c280_0, 0;
    %load/vec4 v0xa9686ca00_0;
    %addi 1, 0, 5;
    %assign/vec4 v0xa9686ca00_0, 0;
T_17.2 ;
T_17.1 ;
    %jmp T_17;
    .thread T_17;
    .scope S_0xa97068180;
T_18 ;
    %wait E_0xa97033900;
    %delay 1, 0;
    %load/vec4 v0xa9686e580_0;
    %flag_set/vec4 8;
    %flag_get/vec4 8;
    %jmp/0 T_18.0, 8;
    %load/vec4 v0xa9686e3a0_0;
    %nor/r;
    %and;
T_18.0;
    %assign/vec4 v0xa9686e620_0, 0;
    %load/vec4 v0xa9686e760_0;
    %flag_set/vec4 9;
    %flag_get/vec4 9;
    %jmp/0 T_18.3, 9;
    %load/vec4 v0xa9686e440_0;
    %nor/r;
    %and;
T_18.3;
    %flag_set/vec4 8;
    %jmp/0xz  T_18.1, 8;
    %vpi_call/w 8 32 "$display", "WRITE: %0d", v0xa9686e6c0_0 {0 0 0};
T_18.1 ;
    %load/vec4 v0xa9686e620_0;
    %flag_set/vec4 8;
    %jmp/0xz  T_18.4, 8;
    %vpi_call/w 8 35 "$display", "READ: %0d", v0xa9686e4e0_0 {0 0 0};
T_18.4 ;
    %jmp T_18;
    .thread T_18;
    .scope S_0xa97068480;
T_19 ;
    %pushi/vec4 0, 0, 32;
    %store/vec4 v0xa9686eb20_0, 0, 32;
    %pushi/vec4 0, 0, 32;
    %store/vec4 v0xa9686e940_0, 0, 32;
    %end;
    .thread T_19, $init;
    .scope S_0xa97068480;
T_20 ;
    %wait E_0xa97033900;
    %delay 1, 0;
    %load/vec4 v0xa9686ee40_0;
    %nor/r;
    %flag_set/vec4 8;
    %jmp/0xz  T_20.0, 8;
    %delete/obj v0xa9686ec60_0;
    %pushi/vec4 0, 0, 1;
    %store/vec4 v0xa9686ebc0_0, 0, 1;
    %jmp T_20.1;
T_20.0 ;
    %load/vec4 v0xa9686ef80_0;
    %flag_set/vec4 9;
    %flag_get/vec4 9;
    %jmp/0 T_20.4, 9;
    %load/vec4 v0xa9686ea80_0;
    %nor/r;
    %and;
T_20.4;
    %flag_set/vec4 8;
    %jmp/0xz  T_20.2, 8;
    %ix/load 4, 0, 0;
    %load/vec4 v0xa9686eee0_0;
    %store/qb/v v0xa9686ec60_0, 4, 8;
T_20.2 ;
    %load/vec4 v0xa9686ebc0_0;
    %flag_set/vec4 8;
    %jmp/0xz  T_20.5, 8;
    %qpop/f/v v0xa9686ec60_0, 8;
    %store/vec4 v0xa9686e9e0_0, 0, 8;
    %load/vec4 v0xa9686ed00_0;
    %load/vec4 v0xa9686e9e0_0;
    %cmp/ne;
    %jmp/0xz  T_20.7, 4;
    %vpi_call/w 9 48 "$error", "FIFO ERROR Expected=%0d Got=%0d", v0xa9686e9e0_0, v0xa9686ed00_0 {0 0 0};
    %load/vec4 v0xa9686e940_0;
    %addi 1, 0, 32;
    %store/vec4 v0xa9686e940_0, 0, 32;
    %jmp T_20.8;
T_20.7 ;
    %vpi_call/w 9 51 "$display", "FIFO PASS Expected=%0d", v0xa9686e9e0_0 {0 0 0};
    %load/vec4 v0xa9686eb20_0;
    %addi 1, 0, 32;
    %store/vec4 v0xa9686eb20_0, 0, 32;
T_20.8 ;
T_20.5 ;
T_20.1 ;
    %load/vec4 v0xa9686eda0_0;
    %flag_set/vec4 8;
    %flag_get/vec4 8;
    %jmp/0 T_20.9, 8;
    %load/vec4 v0xa9686e8a0_0;
    %nor/r;
    %and;
T_20.9;
    %assign/vec4 v0xa9686ebc0_0, 0;
    %jmp T_20;
    .thread T_20;
    .scope S_0x101310dc0;
T_21 ;
    %pushi/vec4 0, 0, 32;
    %store/vec4 v0xa9686cbe0_0, 0, 32;
    %pushi/vec4 0, 0, 5;
    %store/vec4 v0xa9686cf00_0, 0, 5;
    %pushi/vec4 0, 0, 5;
    %store/vec4 v0xa9686ce60_0, 0, 5;
    %end;
    .thread T_21, $init;
    .scope S_0x101310dc0;
T_22 ;
    %wait E_0xa97033640;
    %load/vec4 v0xa9686cdc0_0;
    %flag_set/vec4 9;
    %flag_get/vec4 9;
    %jmp/0 T_22.2, 9;
    %load/vec4 v0xa9686cd20_0;
    %and;
T_22.2;
    %flag_set/vec4 8;
    %jmp/0xz  T_22.0, 8;
    %vpi_call/w 5 31 "$display", "ASSERT FAIL: FULL and EMPTY both active" {0 0 0};
    ; show_stmt_assign_vector: Get l-value for compressed += operand
    %load/vec4 v0xa9686cbe0_0;
    %pushi/vec4 1, 0, 32;
    %add;
    %store/vec4 v0xa9686cbe0_0, 0, 32;
T_22.0 ;
    %load/vec4 v0xa9686cd20_0;
    %load/vec4 v0xa9686d2c0_0;
    %load/vec4 v0xa9686d040_0;
    %cmp/e;
    %flag_get/vec4 4;
    %cmp/ne;
    %jmp/0xz  T_22.3, 4;
    %vpi_call/w 5 37 "$error", "EMPTY flag incorrect" {0 0 0};
    ; show_stmt_assign_vector: Get l-value for compressed += operand
    %load/vec4 v0xa9686cbe0_0;
    %pushi/vec4 1, 0, 32;
    %add;
    %store/vec4 v0xa9686cbe0_0, 0, 32;
T_22.3 ;
    %load/vec4 v0xa9686cdc0_0;
    %load/vec4 v0xa9686d2c0_0;
    %parti/s 1, 4, 4;
    %load/vec4 v0xa9686d040_0;
    %parti/s 1, 4, 4;
    %cmp/ne;
    %flag_get/vec4 4;
    %jmp/0 T_22.7, 4;
    %load/vec4 v0xa9686d2c0_0;
    %parti/s 4, 0, 2;
    %load/vec4 v0xa9686d040_0;
    %parti/s 4, 0, 2;
    %cmp/e;
    %flag_get/vec4 4;
    %and;
T_22.7;
    %cmp/ne;
    %jmp/0xz  T_22.5, 4;
    %vpi_call/w 5 46 "$error", "FULL flag incorrect" {0 0 0};
    ; show_stmt_assign_vector: Get l-value for compressed += operand
    %load/vec4 v0xa9686cbe0_0;
    %pushi/vec4 1, 0, 32;
    %add;
    %store/vec4 v0xa9686cbe0_0, 0, 32;
T_22.5 ;
    %load/vec4 v0xa9686d180_0;
    %nor/r;
    %flag_set/vec4 8;
    %jmp/0xz  T_22.8, 8;
    %pushi/vec4 1, 0, 1;
    %assign/vec4 v0xa9686d0e0_0, 0;
    %jmp T_22.9;
T_22.8 ;
    %load/vec4 v0xa9686d0e0_0;
    %flag_set/vec4 8;
    %jmp/0xz  T_22.10, 8;
    %load/vec4 v0xa9686d2c0_0;
    %pad/u 32;
    %cmpi/ne 0, 0, 32;
    %jmp/0xz  T_22.12, 4;
    %vpi_call/w 5 55 "$error", "FIFO reset failure (wr_ptr)" {0 0 0};
    ; show_stmt_assign_vector: Get l-value for compressed += operand
    %load/vec4 v0xa9686cbe0_0;
    %pushi/vec4 1, 0, 32;
    %add;
    %store/vec4 v0xa9686cbe0_0, 0, 32;
T_22.12 ;
    %load/vec4 v0xa9686d040_0;
    %pad/u 32;
    %cmpi/ne 0, 0, 32;
    %jmp/0xz  T_22.14, 4;
    %vpi_call/w 5 59 "$error", "FIFO reset failure (rd_ptr)" {0 0 0};
    ; show_stmt_assign_vector: Get l-value for compressed += operand
    %load/vec4 v0xa9686cbe0_0;
    %pushi/vec4 1, 0, 32;
    %add;
    %store/vec4 v0xa9686cbe0_0, 0, 32;
T_22.14 ;
    %load/vec4 v0xa9686cd20_0;
    %nor/r;
    %flag_set/vec4 8;
    %jmp/0xz  T_22.16, 8;
    %vpi_call/w 5 63 "$error", "FIFO reset failure (empty)" {0 0 0};
    ; show_stmt_assign_vector: Get l-value for compressed += operand
    %load/vec4 v0xa9686cbe0_0;
    %pushi/vec4 1, 0, 32;
    %add;
    %store/vec4 v0xa9686cbe0_0, 0, 32;
T_22.16 ;
    %pushi/vec4 0, 0, 1;
    %assign/vec4 v0xa9686d0e0_0, 0;
T_22.10 ;
T_22.9 ;
    %load/vec4 v0xa9686d2c0_0;
    %assign/vec4 v0xa9686cf00_0, 0;
    %load/vec4 v0xa9686cdc0_0;
    %flag_set/vec4 9;
    %flag_get/vec4 9;
    %jmp/0 T_22.20, 9;
    %load/vec4 v0xa9686d220_0;
    %and;
T_22.20;
    %flag_set/vec4 8;
    %jmp/0xz  T_22.18, 8;
    %load/vec4 v0xa9686d2c0_0;
    %load/vec4 v0xa9686cf00_0;
    %cmp/ne;
    %jmp/0xz  T_22.21, 4;
    %vpi_call/w 5 78 "$error", "Write pointer advanced while FULL" {0 0 0};
    ; show_stmt_assign_vector: Get l-value for compressed += operand
    %load/vec4 v0xa9686cbe0_0;
    %pushi/vec4 1, 0, 32;
    %add;
    %store/vec4 v0xa9686cbe0_0, 0, 32;
T_22.21 ;
T_22.18 ;
    %load/vec4 v0xa9686d040_0;
    %assign/vec4 v0xa9686ce60_0, 0;
    %load/vec4 v0xa9686cd20_0;
    %flag_set/vec4 9;
    %flag_get/vec4 9;
    %jmp/0 T_22.25, 9;
    %load/vec4 v0xa9686cfa0_0;
    %and;
T_22.25;
    %flag_set/vec4 8;
    %jmp/0xz  T_22.23, 8;
    %load/vec4 v0xa9686d040_0;
    %load/vec4 v0xa9686ce60_0;
    %cmp/ne;
    %jmp/0xz  T_22.26, 4;
    %vpi_call/w 5 87 "$error", "Read pointer advanced while EMPTY" {0 0 0};
    ; show_stmt_assign_vector: Get l-value for compressed += operand
    %load/vec4 v0xa9686cbe0_0;
    %pushi/vec4 1, 0, 32;
    %add;
    %store/vec4 v0xa9686cbe0_0, 0, 32;
T_22.26 ;
T_22.23 ;
    %jmp T_22;
    .thread T_22;
    .scope S_0x1013101d0;
T_23 ;
    %pushi/vec4 0, 0, 32;
    %store/vec4 v0xa9686de00_0, 0, 32;
    %pushi/vec4 0, 0, 32;
    %store/vec4 v0xa9686da40_0, 0, 32;
    %pushi/vec4 0, 0, 32;
    %store/vec4 v0xa9686d720_0, 0, 32;
    %end;
    .thread T_23, $init;
    .scope S_0x1013101d0;
T_24 ;
    %wait E_0xa97033640;
    %load/vec4 v0xa9686db80_0;
    %nor/r;
    %flag_set/vec4 8;
    %jmp/0xz  T_24.0, 8;
    %pushi/vec4 1, 0, 1;
    %store/vec4 v0xa9686dae0_0, 0, 1;
    %pushi/vec4 0, 0, 32;
    %store/vec4 v0xa9686d720_0, 0, 32;
    %pushi/vec4 0, 0, 1;
    %store/vec4 v0xa9686d900_0, 0, 1;
    %jmp T_24.1;
T_24.0 ;
    %load/vec4 v0xa9686dd60_0;
    %flag_set/vec4 9;
    %flag_get/vec4 9;
    %jmp/0 T_24.4, 9;
    %load/vec4 v0xa9686d5e0_0;
    %nor/r;
    %and;
T_24.4;
    %flag_set/vec4 8;
    %jmp/0xz  T_24.2, 8;
    ; show_stmt_assign_vector: Get l-value for compressed += operand
    %load/vec4 v0xa9686de00_0;
    %pushi/vec4 1, 0, 32;
    %add;
    %store/vec4 v0xa9686de00_0, 0, 32;
T_24.2 ;
    %load/vec4 v0xa9686d900_0;
    %flag_set/vec4 8;
    %jmp/0xz  T_24.5, 8;
    ; show_stmt_assign_vector: Get l-value for compressed += operand
    %load/vec4 v0xa9686da40_0;
    %pushi/vec4 1, 0, 32;
    %add;
    %store/vec4 v0xa9686da40_0, 0, 32;
T_24.5 ;
    %load/vec4 v0xa9686d9a0_0;
    %flag_set/vec4 8;
    %flag_get/vec4 8;
    %jmp/0 T_24.7, 8;
    %load/vec4 v0xa9686d4a0_0;
    %nor/r;
    %and;
T_24.7;
    %assign/vec4 v0xa9686d900_0, 0;
    %load/vec4 v0xa9686dd60_0;
    %flag_set/vec4 8;
    %flag_get/vec4 8;
    %jmp/0 T_24.12, 8;
    %load/vec4 v0xa9686d5e0_0;
    %nor/r;
    %and;
T_24.12;
    %load/vec4 v0xa9686d9a0_0;
    %flag_set/vec4 8;
    %flag_get/vec4 8;
    %jmp/0 T_24.13, 8;
    %load/vec4 v0xa9686d4a0_0;
    %nor/r;
    %and;
T_24.13;
    %concat/vec4; draw_concat_vec4
    %dup/vec4;
    %pushi/vec4 2, 0, 2;
    %cmp/u;
    %jmp/1 T_24.8, 6;
    %dup/vec4;
    %pushi/vec4 1, 0, 2;
    %cmp/u;
    %jmp/1 T_24.9, 6;
    %load/vec4 v0xa9686d720_0;
    %store/vec4 v0xa9686d720_0, 0, 32;
    %jmp T_24.11;
T_24.8 ;
    ; show_stmt_assign_vector: Get l-value for compressed += operand
    %load/vec4 v0xa9686d720_0;
    %pushi/vec4 1, 0, 32;
    %add;
    %store/vec4 v0xa9686d720_0, 0, 32;
    %jmp T_24.11;
T_24.9 ;
    ; show_stmt_assign_vector: Get l-value for compressed -= operand
    %load/vec4 v0xa9686d720_0;
    %pushi/vec4 1, 0, 32;
    %sub;
    %store/vec4 v0xa9686d720_0, 0, 32;
    %jmp T_24.11;
T_24.11 ;
    %pop/vec4 1;
    %pushi/vec4 1, 0, 1;
    %ix/getv/s 4, v0xa9686d720_0;
    %store/vec4a v0xa9686d7c0, 4, 0;
    %load/vec4 v0xa9686d5e0_0;
    %flag_set/vec4 8;
    %jmp/0xz  T_24.14, 8;
    %pushi/vec4 1, 0, 1;
    %store/vec4 v0xa9686d680_0, 0, 1;
T_24.14 ;
    %load/vec4 v0xa9686d4a0_0;
    %flag_set/vec4 8;
    %jmp/0xz  T_24.16, 8;
    %pushi/vec4 1, 0, 1;
    %store/vec4 v0xa9686d540_0, 0, 1;
T_24.16 ;
    %load/vec4 v0xa9686dd60_0;
    %flag_set/vec4 10;
    %flag_get/vec4 10;
    %jmp/0 T_24.21, 10;
    %load/vec4 v0xa9686d5e0_0;
    %nor/r;
    %and;
T_24.21;
    %flag_set/vec4 9;
    %flag_get/vec4 9;
    %jmp/0 T_24.20, 9;
    %load/vec4 v0xa9686d9a0_0;
    %flag_set/vec4 9;
    %flag_get/vec4 9;
    %jmp/0 T_24.22, 9;
    %load/vec4 v0xa9686d4a0_0;
    %nor/r;
    %and;
T_24.22;
    %and;
T_24.20;
    %flag_set/vec4 8;
    %jmp/0xz  T_24.18, 8;
    %pushi/vec4 1, 0, 1;
    %store/vec4 v0xa9686dc20_0, 0, 1;
T_24.18 ;
    %load/vec4 v0xa9686dd60_0;
    %flag_set/vec4 9;
    %flag_get/vec4 9;
    %jmp/0 T_24.25, 9;
    %load/vec4 v0xa9686d5e0_0;
    %and;
T_24.25;
    %flag_set/vec4 8;
    %jmp/0xz  T_24.23, 8;
    %pushi/vec4 1, 0, 1;
    %store/vec4 v0xa9686d860_0, 0, 1;
T_24.23 ;
    %load/vec4 v0xa9686d9a0_0;
    %flag_set/vec4 9;
    %flag_get/vec4 9;
    %jmp/0 T_24.28, 9;
    %load/vec4 v0xa9686d4a0_0;
    %and;
T_24.28;
    %flag_set/vec4 8;
    %jmp/0xz  T_24.26, 8;
    %pushi/vec4 1, 0, 1;
    %store/vec4 v0xa9686dcc0_0, 0, 1;
T_24.26 ;
T_24.1 ;
    %jmp T_24;
    .thread T_24;
    .scope S_0x1013189b0;
T_25 ;
    %pushi/vec4 0, 0, 1;
    %store/vec4 v0xa9686f340_0, 0, 1;
T_25.0 ;
    %delay 5, 0;
    %load/vec4 v0xa9686f340_0;
    %inv;
    %store/vec4 v0xa9686f340_0, 0, 1;
    %jmp T_25.0;
T_25.1 ;
    %end;
    .thread T_25;
    .scope S_0x1013189b0;
T_26 ;
    %fork TD_tb_fifo.test_reset, S_0xa97068c00;
    %join;
    %fork TD_tb_fifo.test_single_rw, S_0xa97068f00;
    %join;
    %fork TD_tb_fifo.test_fill_empty, S_0xa97068780;
    %join;
    %fork TD_tb_fifo.test_overflow, S_0xa97068900;
    %join;
    %fork TD_tb_fifo.test_underflow, S_0xa97069080;
    %join;
    %fork TD_tb_fifo.test_wraparound, S_0xa97069200;
    %join;
    %fork TD_tb_fifo.test_sim_rw, S_0xa97068d80;
    %join;
    %fork TD_tb_fifo.test_random, S_0xa97068a80;
    %join;
    %fork TD_tb_fifo.report_results, S_0xa97068300;
    %join;
    %fork TD_tb_fifo.cov.report, S_0x10130fbb0;
    %join;
    %fork TD_tb_fifo.sb.report_final_occupancy, S_0xa97068600;
    %join;
    %vpi_call/w 3 103 "$finish" {0 0 0};
    %end;
    .thread T_26;
# The file index is used to find the file name in the following table.
:file_names 10;
    "N/A";
    "<interactive>";
    "-";
    "tb/tb_fifo.sv";
    "rtl/fifo.sv";
    "tb/assertions.sv";
    "tb/coverage.sv";
    "tb/driver.sv";
    "tb/monitor.sv";
    "tb/scoreboard.sv";
